[2026-04-13 10:21:14] ====== QIIME2 16S Pipeline  MODE=denoise  ENV=qiime2 ======
[2026-04-13 10:21:14] Step 1: Environment Setup
[2026-04-13 10:21:16] Creating environment 'qiime2' from QIIME2 distribution...
[2026-04-13 10:23:46] ====== QIIME2 16S Pipeline  MODE=denoise  ENV=qiime2 ======
[2026-04-13 10:23:46] Step 2: Import paired-end FASTQ files
[2026-04-13 10:23:48] ERROR: Failed to activate qiime2
[2026-04-13 10:27:50] ====== QIIME2 16S Pipeline  MODE=denoise  ENV=qiime2 ======
[2026-04-13 10:27:50] Step 2: Import paired-end FASTQ files
[2026-04-13 10:27:55] ERROR: manifest.tsv not found: /home/ore-s/Documents/capstone_code/Data/raw_data/manifest.tsv
[2026-04-13 10:29:11] ====== QIIME2 16S Pipeline  MODE=denoise  ENV=qiime2 ======
[2026-04-13 10:29:11] Step 2: Import paired-end FASTQ files
[2026-04-13 10:29:48] ERROR: Data import failed
[2026-04-13 10:33:10] ====== QIIME2 16S Pipeline  MODE=denoise  ENV=qiime2 ======
[2026-04-13 10:33:10] Step 2: Import paired-end FASTQ files
[2026-04-13 10:33:46] ERROR: Data import failed
[2026-04-13 10:48:21] ====== QIIME2 16S Pipeline  MODE=denoise  ENV=qiime2 ======
[2026-04-13 10:48:21] Step 2: Import paired-end FASTQ files
[2026-04-13 10:49:01] ERROR: Data import failed
[2026-04-13 11:22:10] ====== QIIME2 16S Pipeline  MODE=denoise  ENV=qiime2 ======
[2026-04-13 11:22:10] Step 2: Import paired-end FASTQ files
[2026-04-13 11:22:52] ERROR: Data import failed
[2026-04-13 13:34:34] ====== QIIME2 16S Pipeline  MODE=denoise  ENV=qiime2 ======
[2026-04-13 13:34:34] Step 2: Import paired-end FASTQ files
[2026-04-13 13:35:07] ERROR: Data import failed
[2026-04-16 16:22:20] ====== QIIME2 16S Pipeline  MODE=denoise  ENV=qiime2 ======
[2026-04-16 16:22:20] Step 2: Import paired-end FASTQ files
[2026-04-16 16:22:56] ERROR: Data import failed
